  Determining projects to restore...
C:\Users\Admin\Desktop\dotnetproject\GameStore\GameStore\GameStore.csproj : warning NU1903: Package 'AutoMapper' 16.0.0 has a known high severity vulnerability, https://github.com/advisories/GHSA-rvv3-g6hj-g44x [C:\Users\Admin\Desktop\dotnetproject\GameStore\GameStore.sln]
  All projects are up-to-date for restore.
C:\Users\Admin\Desktop\dotnetproject\GameStore\GameStore\GameStore.csproj : warning NU1903: Package 'AutoMapper' 16.0.0 has a known high severity vulnerability, https://github.com/advisories/GHSA-rvv3-g6hj-g44x
C:\Users\Admin\Desktop\dotnetproject\GameStore\GameStore\Migrations\20260111162323_InitialCreate.Designer.cs(3,21): error CS0234: The type or namespace name 'Data' does not exist in the namespace 'GameStore.Api' (are you missing an assembly reference?) [C:\Users\Admin\Desktop\dotnetproject\GameStore\GameStore\GameStore.csproj]
C:\Users\Admin\Desktop\dotnetproject\GameStore\GameStore\Migrations\20260111162323_InitialCreate.Designer.cs(14,23): error CS0246: The type or namespace name 'GameStoreContext' could not be found (are you missing a using directive or an assembly reference?) [C:\Users\Admin\Desktop\dotnetproject\GameStore\GameStore\GameStore.csproj]
C:\Users\Admin\Desktop\dotnetproject\GameStore\GameStore\Migrations\20260111162323_InitialCreate.Designer.cs(19,33): error CS0115: 'InitialCreate.BuildTargetModel(ModelBuilder)': no suitable method found to override [C:\Users\Admin\Desktop\dotnetproject\GameStore\GameStore\GameStore.csproj]

Build FAILED.

C:\Users\Admin\Desktop\dotnetproject\GameStore\GameStore\GameStore.csproj : warning NU1903: Package 'AutoMapper' 16.0.0 has a known high severity vulnerability, https://github.com/advisories/GHSA-rvv3-g6hj-g44x [C:\Users\Admin\Desktop\dotnetproject\GameStore\GameStore.sln]
C:\Users\Admin\Desktop\dotnetproject\GameStore\GameStore\GameStore.csproj : warning NU1903: Package 'AutoMapper' 16.0.0 has a known high severity vulnerability, https://github.com/advisories/GHSA-rvv3-g6hj-g44x
C:\Users\Admin\Desktop\dotnetproject\GameStore\GameStore\Migrations\20260111162323_InitialCreate.Designer.cs(3,21): error CS0234: The type or namespace name 'Data' does not exist in the namespace 'GameStore.Api' (are you missing an assembly reference?) [C:\Users\Admin\Desktop\dotnetproject\GameStore\GameStore\GameStore.csproj]
C:\Users\Admin\Desktop\dotnetproject\GameStore\GameStore\Migrations\20260111162323_InitialCreate.Designer.cs(14,23): error CS0246: The type or namespace name 'GameStoreContext' could not be found (are you missing a using directive or an assembly reference?) [C:\Users\Admin\Desktop\dotnetproject\GameStore\GameStore\GameStore.csproj]
C:\Users\Admin\Desktop\dotnetproject\GameStore\GameStore\Migrations\20260111162323_InitialCreate.Designer.cs(19,33): error CS0115: 'InitialCreate.BuildTargetModel(ModelBuilder)': no suitable method found to override [C:\Users\Admin\Desktop\dotnetproject\GameStore\GameStore\GameStore.csproj]
    2 Warning(s)
    3 Error(s)

Time Elapsed 00:00:04.88
